[
  {
    "Id": "theId",
    "DueTime": "1990-01-01T01:01:01"
  }
]